// Jest Snapshot v1, https://goo.gl/fbAQLP

exports[`class HelloWorld extends _react.Component {
  constructor(props) {
    super(props);
    this.state = { greeting: 'Hello' };
    this.frenchify = this.frenchify.bind(this);
    this.dogify = this.dogify.bind(this);
    this.removeGreeting = this.removeGreeting.bind(this);
  }

  frenchify() {
    this.setState({ greeting: 'Bonjour' });
  }

  dogify() {
    this.setState({ greeting: 'Woof Woof' });
  }

  removeGreeting() {
    this.props.removeGreeting(this.props.name);
  }

  render() {
    return (
      _react2.default.createElement('div', { className: 'HelloWorld', __source: { fileName: _jsxFileName, lineNumber: 27 }, __self: this },
        this.state.greeting, ', ', this.props.name, '!',
        _react2.default.createElement('br', { __source: { fileName: _jsxFileName, lineNumber: 29 }, __self: this }),
        _react2.default.createElement('button', { className: 'frenchify', onClick: this.frenchify, __source: { fileName: _jsxFileName, lineNumber: 30 }, __self: this }, 'Frenchify!'),
        _react2.default.createElement('br', { __source: { fileName: _jsxFileName, lineNumber: 31 }, __self: this }),
        _react2.default.createElement('button', { className: 'dogify', onClick: this.dogify, __source: { fileName: _jsxFileName, lineNumber: 32 }, __self: this }, 'Dogify!'),
        _react2.default.createElement('br', { __source: { fileName: _jsxFileName, lineNumber: 33 }, __self: this }),
        _react2.default.createElement('button', { className: 'remove', onClick: this.removeGreeting, __source: { fileName: _jsxFileName, lineNumber: 34 }, __self: this }, 'Remove Me')));


  }} renders and matches our snapshot 1`] = `
<div
  className="HelloWorld"
>
  Hello
  , 
  Person
  !
  <br />
  <button
    className="frenchify"
    onClick={[Function]}
  >
    Frenchify!
  </button>
  <br />
  <button
    className="dogify"
    onClick={[Function]}
  >
    Dogify!
  </button>
  <br />
  <button
    className="remove"
    onClick={[Function]}
  >
    Remove Me
  </button>
</div>
`;
